[    0.000000] Linux version 4.15.0-108-generic (buildd@lcy01-amd64-013) (gcc version 7.5.0 (Ubuntu 7.5.0-3ubuntu1~18.04)) #109-Ubuntu SMP Fri Jun 19 11:33:10 UTC 2020 (Ubuntu 4.15.0-108.109-generic 4.15.18)
[    0.000000] Command line: BOOT_IMAGE=/boot/vmlinuz-4.15.0-108-generic root=UUID=0679f1c9-b481-498c-ad60-511bcc87703f ro console=tty1 console=ttyS0
[    0.000000] KERNEL supported cpus:
[    0.000000]   Intel GenuineIntel
[    0.000000]   AMD AuthenticAMD
[    0.000000]   Centaur CentaurHauls
[    0.000000] x86/fpu: Supporting XSAVE feature 0x001: 'x87 floating point registers'
[    0.000000] x86/fpu: Supporting XSAVE feature 0x002: 'SSE registers'
[    0.000000] x86/fpu: Supporting XSAVE feature 0x004: 'AVX registers'
[    0.000000] x86/fpu: xstate_offset[2]:  576, xstate_sizes[2]:  256
[    0.000000] x86/fpu: Enabled xstate features 0x7, context size is 832 bytes, using 'standard' format.
[    0.000000] e820: BIOS-provided physical RAM map:
[    0.000000] BIOS-e820: [mem 0x0000000000000000-0x000000000009fbff] usable
[    0.000000] BIOS-e820: [mem 0x000000000009fc00-0x000000000009ffff] reserved
[    0.000000] BIOS-e820: [mem 0x00000000000f0000-0x00000000000fffff] reserved
[    0.000000] BIOS-e820: [mem 0x0000000000100000-0x00000000dffeffff] usable
[    0.000000] BIOS-e820: [mem 0x00000000dfff0000-0x00000000dfffffff] ACPI data
[    0.000000] BIOS-e820: [mem 0x00000000fec00000-0x00000000fec00fff] reserved
[    0.000000] BIOS-e820: [mem 0x00000000fee00000-0x00000000fee00fff] reserved
[    0.000000] BIOS-e820: [mem 0x00000000fffc0000-0x00000000ffffffff] reserved
[    0.000000] BIOS-e820: [mem 0x0000000100000000-0x0000000196ffffff] usable
[    0.000000] NX (Execute Disable) protection: active
[    0.000000] SMBIOS 2.5 present.
[    0.000000] DMI: innotek GmbH VirtualBox/VirtualBox, BIOS VirtualBox 12/01/2006
[    0.000000] Hypervisor detected: KVM
[    0.000000] e820: last_pfn = 0x197000 max_arch_pfn = 0x400000000
[    0.000000] MTRR: Disabled
[    0.000000] x86/PAT: MTRRs disabled, skipping PAT initialization too.
[    0.000000] CPU MTRRs all blank - virtualized system.
[    0.000000] x86/PAT: Configuration [0-7]: WB  WT  UC- UC  WB  WT  UC- UC  
[    0.000000] e820: last_pfn = 0xdfff0 max_arch_pfn = 0x400000000
[    0.000000] found SMP MP-table at [mem 0x0009fff0-0x0009ffff]
[    0.000000] Scanning 1 areas for low memory corruption
[    0.000000] RAMDISK: [mem 0x3595d000-0x36ca5fff]
[    0.000000] ACPI: Early table checksum verification disabled
[    0.000000] ACPI: RSDP 0x00000000000E0000 000024 (v02 VBOX  )
[    0.000000] ACPI: XSDT 0x00000000DFFF0030 00003C (v01 VBOX   VBOXXSDT 00000001 ASL  00000061)
[    0.000000] ACPI: FACP 0x00000000DFFF00F0 0000F4 (v04 VBOX   VBOXFACP 00000001 ASL  00000061)
[    0.000000] ACPI: DSDT 0x00000000DFFF0470 0022EA (v02 VBOX   VBOXBIOS 00000002 INTL 20180105)
[    0.000000] ACPI: FACS 0x00000000DFFF0200 000040
[    0.000000] ACPI: FACS 0x00000000DFFF0200 000040
[    0.000000] ACPI: APIC 0x00000000DFFF0240 00005C (v02 VBOX   VBOXAPIC 00000001 ASL  00000061)
[    0.000000] ACPI: SSDT 0x00000000DFFF02A0 0001CC (v01 VBOX   VBOXCPUT 00000002 INTL 20180105)
[    0.000000] No NUMA configuration found
[    0.000000] Faking a node at [mem 0x0000000000000000-0x0000000196ffffff]
[    0.000000] NODE_DATA(0) allocated [mem 0x196fd1000-0x196ffbfff]
[    0.000000] kvm-clock: cpu 0, msr 1:96f50001, primary cpu clock
[    0.000000] kvm-clock: Using msrs 4b564d01 and 4b564d00
[    0.000000] kvm-clock: using sched offset of 3346267552 cycles
[    0.000000] clocksource: kvm-clock: mask: 0xffffffffffffffff max_cycles: 0x1cd42e4dffb, max_idle_ns: 881590591483 ns
[    0.000000] Zone ranges:
[    0.000000]   DMA      [mem 0x0000000000001000-0x0000000000ffffff]
[    0.000000]   DMA32    [mem 0x0000000001000000-0x00000000ffffffff]
[    0.000000]   Normal   [mem 0x0000000100000000-0x0000000196ffffff]
[    0.000000]   Device   empty
[    0.000000] Movable zone start for each node
[    0.000000] Early memory node ranges
[    0.000000]   node   0: [mem 0x0000000000001000-0x000000000009efff]
[    0.000000]   node   0: [mem 0x0000000000100000-0x00000000dffeffff]
[    0.000000]   node   0: [mem 0x0000000100000000-0x0000000196ffffff]
[    0.000000] Reserved but unavailable: 98 pages
[    0.000000] Initmem setup node 0 [mem 0x0000000000001000-0x0000000196ffffff]
[    0.000000] ACPI: PM-Timer IO Port: 0x4008
[    0.000000] IOAPIC[0]: apic_id 2, version 32, address 0xfec00000, GSI 0-23
[    0.000000] ACPI: INT_SRC_OVR (bus 0 bus_irq 0 global_irq 2 dfl dfl)
[    0.000000] ACPI: INT_SRC_OVR (bus 0 bus_irq 9 global_irq 9 low level)
[    0.000000] Using ACPI (MADT) for SMP configuration information
[    0.000000] smpboot: Allowing 2 CPUs, 0 hotplug CPUs
[    0.000000] PM: Registered nosave memory: [mem 0x00000000-0x00000fff]
[    0.000000] PM: Registered nosave memory: [mem 0x0009f000-0x0009ffff]
[    0.000000] PM: Registered nosave memory: [mem 0x000a0000-0x000effff]
[    0.000000] PM: Registered nosave memory: [mem 0x000f0000-0x000fffff]
[    0.000000] PM: Registered nosave memory: [mem 0xdfff0000-0xdfffffff]
[    0.000000] PM: Registered nosave memory: [mem 0xe0000000-0xfebfffff]
[    0.000000] PM: Registered nosave memory: [mem 0xfec00000-0xfec00fff]
[    0.000000] PM: Registered nosave memory: [mem 0xfec01000-0xfedfffff]
[    0.000000] PM: Registered nosave memory: [mem 0xfee00000-0xfee00fff]
[    0.000000] PM: Registered nosave memory: [mem 0xfee01000-0xfffbffff]
[    0.000000] PM: Registered nosave memory: [mem 0xfffc0000-0xffffffff]
[    0.000000] e820: [mem 0xe0000000-0xfebfffff] available for PCI devices
[    0.000000] Booting paravirtualized kernel on KVM
[    0.000000] clocksource: refined-jiffies: mask: 0xffffffff max_cycles: 0xffffffff, max_idle_ns: 7645519600211568 ns
[    0.000000] random: get_random_bytes called from start_kernel+0x99/0x4fd with crng_init=0
[    0.000000] setup_percpu: NR_CPUS:8192 nr_cpumask_bits:2 nr_cpu_ids:2 nr_node_ids:1
[    0.000000] percpu: Embedded 45 pages/cpu s147456 r8192 d28672 u1048576
[    0.000000] PV qspinlock hash table entries: 256 (order: 0, 4096 bytes)
[    0.000000] Built 1 zonelists, mobility grouping on.  Total pages: 1511865
[    0.000000] Policy zone: Normal
[    0.000000] Kernel command line: BOOT_IMAGE=/boot/vmlinuz-4.15.0-108-generic root=UUID=0679f1c9-b481-498c-ad60-511bcc87703f ro console=tty1 console=ttyS0
[    0.000000] Memory: 5932088K/6143544K available (12300K kernel code, 2481K rwdata, 4272K rodata, 2436K init, 2720K bss, 211456K reserved, 0K cma-reserved)
[    0.000000] SLUB: HWalign=64, Order=0-3, MinObjects=0, CPUs=2, Nodes=1
[    0.000000] Kernel/User page tables isolation: enabled
[    0.000000] ftrace: allocating 39378 entries in 154 pages
[    0.004000] Hierarchical RCU implementation.
[    0.004000] 	RCU restricting CPUs from NR_CPUS=8192 to nr_cpu_ids=2.
[    0.004000] 	Tasks RCU enabled.
[    0.004000] RCU: Adjusting geometry for rcu_fanout_leaf=16, nr_cpu_ids=2
[    0.004000] NR_IRQS: 524544, nr_irqs: 440, preallocated irqs: 16
[    0.004000] Console: colour VGA+ 80x25
[    0.004000] console [tty1] enabled
[    0.004000] console [ttyS0] enabled
[    0.004000] ACPI: Core revision 20170831
[    0.004000] ACPI: 2 ACPI AML tables successfully acquired and loaded
[    0.004000] APIC: Switch to symmetric I/O mode setup
[    0.004000] x2apic enabled
[    0.004000] Switched APIC routing to physical x2apic.
[    0.004000] ..TIMER: vector=0x30 apic1=0 pin1=2 apic2=-1 pin2=-1
[    0.004000] tsc: Detected 3599.998 MHz processor
[    0.004000] Calibrating delay loop (skipped) preset value.. 7199.99 BogoMIPS (lpj=14399992)
[    0.004000] pid_max: default: 32768 minimum: 301
[    0.004025] Security Framework initialized
[    0.004433] Yama: becoming mindful.
[    0.004803] AppArmor: AppArmor initialized
[    0.007068] Dentry cache hash table entries: 1048576 (order: 11, 8388608 bytes)
[    0.010902] Inode-cache hash table entries: 524288 (order: 10, 4194304 bytes)
[    0.012000] Mount-cache hash table entries: 16384 (order: 5, 131072 bytes)
[    0.012016] Mountpoint-cache hash table entries: 16384 (order: 5, 131072 bytes)
[    0.012915] Last level iTLB entries: 4KB 128, 2MB 8, 4MB 8
[    0.013460] Last level dTLB entries: 4KB 64, 2MB 0, 4MB 0, 1GB 4
[    0.014028] Spectre V1 : Mitigation: usercopy/swapgs barriers and __user pointer sanitization
[    0.016003] Spectre V2 : Mitigation: Full generic retpoline
[    0.016541] Spectre V2 : Spectre v2 / SpectreRSB mitigation: Filling RSB on context switch
[    0.017327] Speculative Store Bypass: Vulnerable
[    0.017810] SRBDS: Unknown: Dependent on hypervisor status
[    0.018373] MDS: Mitigation: Clear CPU buffers
[    0.018935] Freeing SMP alternatives memory: 36K
[    0.129282] smpboot: CPU0: Intel(R) Core(TM) i7-9700K CPU @ 3.60GHz (family: 0x6, model: 0x9e, stepping: 0xd)
[    0.130372] Performance Events: unsupported p6 CPU model 158 no PMU driver, software events only.
[    0.131303] Hierarchical SRCU implementation.
[    0.132000] NMI watchdog: Perf event create on CPU 0 failed with -2
[    0.132000] NMI watchdog: Perf NMI watchdog permanently disabled
[    0.132447] smp: Bringing up secondary CPUs ...
[    0.132999] x86: Booting SMP configuration:
[    0.133416] .... node  #0, CPUs:      #1
[    0.004000] kvm-clock: cpu 1, msr 1:96f50041, secondary cpu clock
[    0.136014] smp: Brought up 1 node, 2 CPUs
[    0.136430] smpboot: Max logical packages: 1
[    0.136891] smpboot: Total of 2 processors activated (14399.99 BogoMIPS)
[    0.137687] devtmpfs: initialized
[    0.137687] x86/mm: Memory block size: 128MB
[    0.137687] evm: security.selinux
[    0.137687] evm: security.SMACK64
[    0.140007] evm: security.SMACK64EXEC
[    0.140603] evm: security.SMACK64TRANSMUTE
[    0.141339] evm: security.SMACK64MMAP
[    0.141769] evm: security.apparmor
[    0.142185] evm: security.ima
[    0.142719] evm: security.capability
[    0.143171] clocksource: jiffies: mask: 0xffffffff max_cycles: 0xffffffff, max_idle_ns: 7645041785100000 ns
[    0.144007] futex hash table entries: 512 (order: 3, 32768 bytes)
[    0.144625] pinctrl core: initialized pinctrl subsystem
[    0.145242] RTC time: 17:37:58, date: 07/03/20
[    0.145810] NET: Registered protocol family 16
[    0.146299] audit: initializing netlink subsys (disabled)
[    0.146887] audit: type=2000 audit(1593797883.731:1): state=initialized audit_enabled=0 res=1
[    0.148007] cpuidle: using governor ladder
[    0.148424] cpuidle: using governor menu
[    0.148920] ACPI: bus type PCI registered
[    0.149363] acpiphp: ACPI Hot Plug PCI Controller Driver version: 0.5
[    0.150067] PCI: Using configuration type 1 for base access
[    0.150620] HugeTLB registered 2.00 MiB page size, pre-allocated 0 pages
[    0.152044] ACPI: Added _OSI(Module Device)
[    0.152462] ACPI: Added _OSI(Processor Device)
[    0.152931] ACPI: Added _OSI(3.0 _SCP Extensions)
[    0.153424] ACPI: Added _OSI(Processor Aggregator Device)
[    0.153940] ACPI: Added _OSI(Linux-Dell-Video)
[    0.154403] ACPI: Added _OSI(Linux-Lenovo-NV-HDMI-Audio)
[    0.154913] ACPI: Added _OSI(Linux-HPI-Hybrid-Graphics)
[    0.156184] ACPI: Executed 1 blocks of module-level executable AML code
[    0.160079] ACPI: Interpreter enabled
[    0.160538] ACPI: (supports S0 S5)
[    0.160891] ACPI: Using IOAPIC for interrupt routing
[    0.161579] PCI: Using host bridge windows from ACPI; if necessary, use "pci=nocrs" and report a bug
[    0.162594] ACPI: Enabled 2 GPEs in block 00 to 07
[    0.166699] ACPI: PCI Root Bridge [PCI0] (domain 0000 [bus 00-ff])
[    0.167292] acpi PNP0A03:00: _OSC: OS supports [ASPM ClockPM Segments MSI]
[    0.168276] acpi PNP0A03:00: _OSC: not requesting OS control; OS requires [ExtendedConfig ASPM ClockPM MSI]
[    0.169293] acpi PNP0A03:00: fail to add MMCONFIG information, can't access extended PCI configuration space under this bridge.
[    0.170953] PCI host bridge to bus 0000:00
[    0.171404] pci_bus 0000:00: root bus resource [io  0x0000-0x0cf7 window]
[    0.172000] pci_bus 0000:00: root bus resource [io  0x0d00-0xffff window]
[    0.172002] pci_bus 0000:00: root bus resource [mem 0x000a0000-0x000bffff window]
[    0.172732] pci_bus 0000:00: root bus resource [mem 0xe0000000-0xfdffffff window]
[    0.173870] pci_bus 0000:00: root bus resource [bus 00-ff]
[    0.176000] pci 0000:00:01.1: legacy IDE quirk: reg 0x10: [io  0x01f0-0x01f7]
[    0.176000] pci 0000:00:01.1: legacy IDE quirk: reg 0x14: [io  0x03f6]
[    0.176007] pci 0000:00:01.1: legacy IDE quirk: reg 0x18: [io  0x0170-0x0177]
[    0.180002] pci 0000:00:01.1: legacy IDE quirk: reg 0x1c: [io  0x0376]
[    0.248770] pci 0000:00:07.0: quirk: [io  0x4000-0x403f] claimed by PIIX4 ACPI
[    0.249553] pci 0000:00:07.0: quirk: [io  0x4100-0x410f] claimed by PIIX4 SMB
[    0.293277] ACPI: PCI Interrupt Link [LNKA] (IRQs 5 9 10 *11)
[    0.296211] ACPI: PCI Interrupt Link [LNKB] (IRQs 5 9 *10 11)
[    0.296895] ACPI: PCI Interrupt Link [LNKC] (IRQs 5 *9 10 11)
[    0.297582] ACPI: PCI Interrupt Link [LNKD] (IRQs 5 9 10 *11)
[    0.298826] SCSI subsystem initialized
[    0.299343] pci 0000:00:02.0: vgaarb: setting as boot VGA device
[    0.299343] pci 0000:00:02.0: vgaarb: VGA device added: decodes=io+mem,owns=io+mem,locks=none
[    0.300004] pci 0000:00:02.0: vgaarb: bridge control possible
[    0.300610] vgaarb: loaded
[    0.300925] ACPI: bus type USB registered
[    0.301405] usbcore: registered new interface driver usbfs
[    0.301980] usbcore: registered new interface driver hub
[    0.302498] usbcore: registered new device driver usb
[    0.304040] EDAC MC: Ver: 3.0.0
[    0.304489] PCI: Using ACPI for IRQ routing
[    0.304724] NetLabel: Initializing
[    0.305113] NetLabel:  domain hash size = 128
[    0.305590] NetLabel:  protocols = UNLABELED CIPSOv4 CALIPSO
[    0.306193] NetLabel:  unlabeled traffic allowed by default
[    0.308070] clocksource: Switched to clocksource kvm-clock
[    0.316626] VFS: Disk quotas dquot_6.6.0
[    0.317082] VFS: Dquot-cache hash table entries: 512 (order 0, 4096 bytes)
[    0.317806] AppArmor: AppArmor Filesystem Enabled
[    0.318286] pnp: PnP ACPI init
[    0.319207] pnp: PnP ACPI: found 3 devices
[    0.326952] clocksource: acpi_pm: mask: 0xffffff max_cycles: 0xffffff, max_idle_ns: 2085701024 ns
[    0.327913] NET: Registered protocol family 2
[    0.328512] TCP established hash table entries: 65536 (order: 7, 524288 bytes)
[    0.329322] TCP bind hash table entries: 65536 (order: 8, 1048576 bytes)
[    0.330439] TCP: Hash tables configured (established 65536 bind 65536)
[    0.331093] UDP hash table entries: 4096 (order: 5, 131072 bytes)
[    0.331699] UDP-Lite hash table entries: 4096 (order: 5, 131072 bytes)
[    0.332465] NET: Registered protocol family 1
[    0.332904] pci 0000:00:00.0: Limiting direct PCI/PCI transfers
[    0.333476] pci 0000:00:01.0: Activating ISA DMA hang workarounds
[    0.334140] pci 0000:00:02.0: Video device with shadowed ROM at [mem 0x000c0000-0x000dffff]
[    0.334993] Unpacking initramfs...
[    0.546082] Freeing initrd memory: 19748K
[    0.546570] PCI-DMA: Using software bounce buffering for IO (SWIOTLB)
[    0.547222] software IO TLB: mapped [mem 0xdbff0000-0xdfff0000] (64MB)
[    0.547914] clocksource: tsc: mask: 0xffffffffffffffff max_cycles: 0x33e451ab1a6, max_idle_ns: 440795278720 ns
[    0.548932] platform rtc_cmos: registered platform RTC device (no PNP device found)
[    0.549773] Scanning for low memory corruption every 60 seconds
[    0.550856] Initialise system trusted keyrings
[    0.551325] Key type blacklist registered
[    0.551788] workingset: timestamp_bits=36 max_order=21 bucket_order=0
[    0.553069] zbud: loaded
[    0.553782] squashfs: version 4.0 (2009/01/31) Phillip Lougher
[    0.554542] fuse init (API version 7.26)
[    0.560831] Key type asymmetric registered
[    0.561308] Asymmetric key parser 'x509' registered
[    0.561870] Block layer SCSI generic (bsg) driver version 0.4 loaded (major 246)
[    0.562684] io scheduler noop registered
[    0.563087] io scheduler deadline registered
[    0.563549] io scheduler cfq registered (default)
[    0.564236] ACPI: AC Adapter [AC] (on-line)
[    0.564692] input: Power Button as /devices/LNXSYSTM:00/LNXPWRBN:00/input/input0
[    0.565472] ACPI: Power Button [PWRF]
[    0.565999] input: Sleep Button as /devices/LNXSYSTM:00/LNXSLPBN:00/input/input1
[    0.566725] ACPI: Sleep Button [SLPF]
[    0.567325] Serial: 8250/16550 driver, 32 ports, IRQ sharing enabled
[    0.588322] 00:02: ttyS0 at I/O 0x3f8 (irq = 4, base_baud = 115200) is a 16550A
[    0.589961] Linux agpgart interface v0.103
[    0.591849] loop: module loaded
[    0.592821] scsi host0: ata_piix
[    0.593303] scsi host1: ata_piix
[    0.593707] ata1: PATA max UDMA/33 cmd 0x1f0 ctl 0x3f6 bmdma 0xd000 irq 14
[    0.594360] ata2: PATA max UDMA/33 cmd 0x170 ctl 0x376 bmdma 0xd008 irq 15
[    0.595130] libphy: Fixed MDIO Bus: probed
[    0.595567] tun: Universal TUN/TAP device driver, 1.6
[    0.596155] PPP generic driver version 2.4.2
[    0.596682] ehci_hcd: USB 2.0 'Enhanced' Host Controller (EHCI) Driver
[    0.597307] ehci-pci: EHCI PCI platform driver
[    0.597764] ehci-platform: EHCI generic platform driver
[    0.598282] ohci_hcd: USB 1.1 'Open' Host Controller (OHCI) Driver
[    0.598897] ohci-pci: OHCI PCI platform driver
[    0.599352] ohci-platform: OHCI generic platform driver
[    0.599873] uhci_hcd: USB Universal Host Controller Interface driver
[    0.600594] i8042: PNP: PS/2 Controller [PNP0303:PS2K,PNP0f03:PS2M] at 0x60,0x64 irq 1,12
[    0.601832] serio: i8042 KBD port at 0x60,0x64 irq 1
[    0.602338] serio: i8042 AUX port at 0x60,0x64 irq 12
[    0.602917] mousedev: PS/2 mouse device common for all mice
[    0.603662] input: AT Translated Set 2 keyboard as /devices/platform/i8042/serio0/input/input2
[    0.604868] rtc_cmos rtc_cmos: rtc core: registered rtc_cmos as rtc0
[    0.605499] rtc_cmos rtc_cmos: alarms up to one day, 114 bytes nvram
[    0.606155] i2c /dev entries driver
[    0.606560] device-mapper: uevent: version 1.0.3
[    0.607572] device-mapper: ioctl: 4.37.0-ioctl (2017-09-20) initialised: dm-devel@redhat.com
[    0.609389] ledtrig-cpu: registered to indicate activity on CPUs
[    0.610329] NET: Registered protocol family 10
[    0.613734] Segment Routing with IPv6
[    0.614148] NET: Registered protocol family 17
[    0.614631] Key type dns_resolver registered
[    0.615309] mce: Using 0 MCE banks
[    0.615676] RAS: Correctable Errors collector initialized.
[    0.616223] sched_clock: Marking stable (616209911, 0)->(784089686, -167879775)
[    0.617360] registered taskstats version 1
[    0.617779] Loading compiled-in X.509 certificates
[    0.619705] Loaded X.509 cert 'Build time autogenerated kernel key: 8a77f038295f61e2f7a611f87ca2012318dc3558'
[    0.622204] zswap: loaded using pool lzo/zbud
[    0.626972] Key type big_key registered
[    0.627418] Key type trusted registered
[    0.629068] Key type encrypted registered
[    0.629481] AppArmor: AppArmor sha1 policy hashing enabled
[    0.630010] ima: No TPM chip found, activating TPM-bypass! (rc=-19)
[    0.630601] ima: Allocated hash algorithm: sha1
[    0.631069] evm: HMAC attrs: 0x1
[    0.631633]   Magic number: 12:614:642
[    0.632104] rtc_cmos rtc_cmos: setting system clock to 2020-07-03 17:37:59 UTC (1593797879)
[    0.633110] BIOS EDD facility v0.16 2004-Jun-25, 0 devices found
[    0.633724] EDD information not available.
[    0.762646] Freeing unused kernel image memory: 2436K
[    0.781076] Write protecting the kernel read-only data: 20480k
[    0.786605] Freeing unused kernel image memory: 2008K
[    0.793381] Freeing unused kernel image memory: 1872K
[    0.814993] x86/mm: Checked W+X mappings: passed, no W+X pages found.
[    0.816377] x86/mm: Checking user space page tables
[    0.826570] x86/mm: Checked W+X mappings: passed, no W+X pages found.
Loading, please wait...
starting version 237
[    0.878808] e1000: Intel(R) PRO/1000 Network Driver - version 7.3.21-k8-NAPI
[    0.879550] e1000: Copyright (c) 1999-2006 Intel Corporation.
[    0.885904] Fusion MPT base driver 3.04.20
[    0.886349] Copyright (c) 1999-2008 LSI Corporation
[    0.889551] Fusion MPT SPI Host driver 3.04.20
[    0.897308] AVX2 version of gcm_enc/dec engaged.
[    0.897818] AES CTR mode by8 optimization enabled
[    1.093677] input: ImExPS/2 Generic Explorer Mouse as /devices/platform/i8042/serio1/input/input4
[    1.264525] e1000 0000:00:03.0 eth0: (PCI:33MHz:32-bit) 02:85:4f:0b:ef:e7
[    1.268360] e1000 0000:00:03.0 eth0: Intel(R) PRO/1000 Network Connection
[    1.273914] mptbase: ioc0: Initiating bringup
[    1.552824] ioc0: LSI53C1030 A0: Capabilities={Initiator}
[    2.617389] scsi host2: ioc0: LSI53C1030 A0, FwRev=00000000h, Ports=1, MaxQ=256, IRQ=20
[    3.261826] scsi 2:0:0:0: Direct-Access     VBOX     HARDDISK         1.0  PQ: 0 ANSI: 5
[    3.300938] scsi target2:0:0: Beginning Domain Validation
[    3.372035] scsi target2:0:0: Domain Validation skipping write tests
[    3.372734] scsi target2:0:0: Ending Domain Validation
[    3.380126] scsi target2:0:0: asynchronous
[    3.381303] scsi 2:0:1:0: Direct-Access     VBOX     HARDDISK         1.0  PQ: 0 ANSI: 5
[    3.612096] scsi target2:0:1: Beginning Domain Validation
[    3.614203] random: fast init done
[    3.614687] scsi target2:0:1: Domain Validation skipping write tests
[    3.615308] scsi target2:0:1: Ending Domain Validation
[    3.615877] scsi target2:0:1: asynchronous
[    3.618795] random: systemd-udevd: uninitialized urandom read (16 bytes read)
[    3.619514] random: systemd-udevd: uninitialized urandom read (16 bytes read)
[    3.620697] random: systemd-udevd: uninitialized urandom read (16 bytes read)
[    3.621670] sd 2:0:0:0: Attached scsi generic sg0 type 0
[    3.621864] sd 2:0:0:0: [sda] 20971520 512-byte logical blocks: (10.7 GB/10.0 GiB)
[    3.622513] sd 2:0:1:0: Attached scsi generic sg1 type 0
[    3.623189] sd 2:0:0:0: [sda] Write Protect is off
[    3.625556] sd 2:0:0:0: [sda] Incomplete mode parameter data
[    3.626272] sd 2:0:0:0: [sda] Assuming drive cache: write through
[    3.626996] sd 2:0:1:0: [sdb] 20480 512-byte logical blocks: (10.5 MB/10.0 MiB)
[    3.627914] sd 2:0:1:0: [sdb] Write Protect is off
[    3.628557] sd 2:0:1:0: [sdb] Incomplete mode parameter data
[    3.629167] sd 2:0:1:0: [sdb] Assuming drive cache: write through
[    3.635414]  sda: sda1
[    3.647854] e1000 0000:00:08.0 eth1: (PCI:33MHz:32-bit) 08:00:27:58:d8:e4
[    3.648723] e1000 0000:00:08.0 eth1: Intel(R) PRO/1000 Network Connection
[    3.650257] e1000 0000:00:08.0 enp0s8: renamed from eth1
[    3.650819] sd 2:0:0:0: [sda] Attached SCSI disk
[    3.651027] sd 2:0:1:0: [sdb] Attached SCSI disk
[    3.664148] e1000 0000:00:03.0 enp0s3: renamed from eth0
Begin: Loading essential drivers ... [    5.060100] raid6: sse2x1   gen() 15561 MB/s
[    5.108054] raid6: sse2x1   xor()  9317 MB/s
[    5.156041] raid6: sse2x2   gen() 19248 MB/s
[    5.207401] raid6: sse2x2   xor() 13541 MB/s
[    5.256043] raid6: sse2x4   gen() 20269 MB/s
[    5.304058] raid6: sse2x4   xor() 12136 MB/s
[    5.352004] raid6: avx2x1   gen() 30549 MB/s
[    5.400013] raid6: avx2x1   xor() 17868 MB/s
[    5.448042] raid6: avx2x2   gen() 34435 MB/s
[    5.496043] raid6: avx2x2   xor() 23981 MB/s
[    5.544044] raid6: avx2x4   gen() 38321 MB/s
[    5.592014] raid6: avx2x4   xor() 21415 MB/s
[    5.592834] raid6: using algorithm avx2x4 gen() 38321 MB/s
[    5.593400] raid6: .... xor() 21415 MB/s, rmw enabled
[    5.593915] raid6: using avx2x2 recovery algorithm
[    5.595368] xor: automatically using best checksumming function   avx       
[    5.596997] async_tx: api initialized (async)
done.
Begin: Running /scripts/init-premount ... done.
Begin: Mounting root file system ... Begin: Running /scripts/local-top ... done.
Begin: Running /scripts/local-premount ... [    5.629940] Btrfs loaded, crc32c=crc32c-intel
Scanning for Btrfs filesystems
done.
Warning: fsck not present, so skipping root file system
[    5.656231] EXT4-fs (sda1): mounted filesystem with ordered data mode. Opts: (null)
done.
Begin: Running /scripts/local-bottom ... done.
Begin: Running /scripts/init-bottom ... done.
[    5.997295] ip_tables: (C) 2000-2006 Netfilter Core Team
[    6.023042] systemd[1]: systemd 237 running in system mode. (+PAM +AUDIT +SELINUX +IMA +APPARMOR +SMACK +SYSVINIT +UTMP +LIBCRYPTSETUP +GCRYPT +GNUTLS +ACL +XZ +LZ4 +SECCOMP +BLKID +ELFUTILS +KMOD -IDN2 +IDN -PCRE2 default-hierarchy=hybrid)
[    6.032531] systemd[1]: Detected virtualization oracle.
[    6.034061] systemd[1]: Detected architecture x86-64.

Welcome to [1mUbuntu 18.04.4 LTS[0m!

[    6.043920] systemd[1]: Set hostname to <ubuntu-bionic>.
[    6.485222] systemd[1]: Created slice User and Session Slice.
[[0;32m  OK  [0m] Created slice User and Session Slice.
[    6.490181] systemd[1]: Started Forward Password Requests to Wall Directory Watch.
[[0;32m  OK  [0m] Started Forward Password Requests to Wall Directory Watch.
[    6.494670] systemd[1]: Reached target User and Group Name Lookups.
[[0;32m  OK  [0m] Reached target User and Group Name Lookups.
[    6.497761] systemd[1]: Created slice System Slice.
[[0;32m  OK  [0m] Created slice System Slice.
[    6.499996] systemd[1]: Listening on Journal Audit Socket.
[[0;32m  OK  [0m] Listening on Journal Audit Socket.
[    6.502055] systemd[1]: Listening on udev Control Socket.
[[0;32m  OK  [0m] Listening on udev Control Socket.
[[0;32m  OK  [0m] Listening on LVM2 metadata daemon socket.
[[0;32m  OK  [0m] Listening on /dev/initctl Compatibility Named Pipe.
[[0;32m  OK  [0m] Reached target Slices.
[[0;32m  OK  [0m] Listening on udev Kernel Socket.
[[0;32m  OK  [0m] Listening on Journal Socket (/dev/log).
[[0;32m  OK  [0m] Listening on Network Service Netlink Socket.
[[0;32m  OK  [0m] Listening on Syslog Socket.
[[0;32m  OK  [0m] Reached target System Time Synchronized.
[[0;32m  OK  [0m] Reached target Swap.
[[0;32m  OK  [0m] Set up automount Arbitrary Executabâ€¦rmats File System Automount Point.
[[0;32m  OK  [0m] Listening on Device-mapper event daemon FIFOs.
[[0;32m  OK  [0m] Listening on LVM2 poll daemon socket.
[[0;32m  OK  [0m] Created slice system-serial\x2dgetty.slice.
[[0;32m  OK  [0m] Listening on Journal Socket.
         Starting Load Kernel Modules...
         Mounting Kernel Debug File System...
         Starting Remount Root and Kernel File Systems...
[    6.562498] Loading iSCSI transport class v2.0-870.
         Starting Set the console keyboard layout...
         Starting udev Coldplug all Devices...
         Mounting POSIX Message Queue File System...
         Starting Create list of required stâ€¦ce nodes for the current kernel...
         Starting Journal Service...
         Starting Uncomplicated firewall...
         Starting Monitoring of LVM2 mirrorsâ€¦ng dmeventd or progress polling...
         Mounting Huge Pages File System...
[[0;32m  OK  [0m] Mounted Kernel Debug File System.
[[0;32m  OK  [0m] Mounted POSIX Message Queue File System.
[[0;32m  OK  [0m] Mounted Huge Pages File System.
[    6.594126] iscsi: registered transport (tcp)
[[0;32m  OK  [0m] Started udev Coldplug all Devices.
[[0;32m  OK  [0m] Started Create list of required staâ€¦vice nodes for the current kernel.
         Starting Create Static Device Nodes in /dev...
[[    6.627651] EXT4-fs (sda1): re-mounted. Opts: (null)
[0;32m  OK  [0m] Started Uncomplicated firewall.
[[0;32m  OK  [0m] Started Remount Root and Kernel File Systems.
[    6.650871] iscsi: registered transport (iser)
         Starting Load/Save Random Seed...
[[0;32m  OK  [0m] Started Journal Service.
[[0;32m  OK  [0m] Started Load Kernel Modules.
[[0;32m  OK  [0m] Started Create Static Device Nodes in /dev.
         Starting udev Kernel Device Manager...
         Mounting FUSE Control File System...
         Mounting Kernel Configuration File System...
         Starting Apply Kernel Variables...
         Starting Flush Journal to Persistent Storage...
[[0;32m  OK  [0m] Mounted FUSE Control File System.
[[0;32m  OK  [0m] Mounted Kernel Configuration File System.
[[0;32m  OK  [0m] Started Load/Save Random Seed.
[[0;32m  OK  [0m] Started udev Kernel Device Manager.
[[0;32m  OK  [0m] Started LVM2 metadata daemon.
[[0;32m  OK  [0m] Started Apply Kernel Variables.
[[0;32m  OK  [0m] Started Monitoring of LVM2 mirrors,â€¦sing dmeventd or progress polling.
[[0;32m  OK  [0m] Started Set the console keyboard layout.
[[0;32m  OK  [0m] Started Dispatch Password Requests to Console Directory Watch.
[[0;32m  OK  [0m] Reached target Local Encrypted Volumes.
[[0;32m  OK  [0m] Reached target Local File Systems (Pre).
[[0;32m  OK  [0m] Reached target Local File Systems.
         Starting ebtables ruleset management...
         Starting Set console font and keymap...
         Starting Tell Plymouth To Write Out Runtime Data...
         Starting AppArmor initialization...
[[0;32m  OK  [0m] Found device /dev/ttyS0.
[[0;32m  OK  [0m] Started Set console font and keymap.
[[0;32m  OK  [0m] Started Tell Plymouth To Write Out Runtime Data.
[[0;32m  OK  [0m] Started Flush Journal to Persistent Storage.
         Starting Create Volatile Files and Directories...
[[0;32m  OK  [0m] Listening on Load/Save RF Kill Switch Status /dev/rfkill Watch.
[[0;32m  OK  [0m] Started Create Volatile Files and Directories.
         Starting Update UTMP about System Boot/Shutdown...
[[0;32m  OK  [0m] Started ebtables ruleset management.
[[0;32m  OK  [0m] Started Update UTMP about System Boot/Shutdown.
[[0;32m  OK  [0m] Started AppArmor initialization.
         Starting Initial cloud-init job (pre-networking)...
[    8.476550] cloud-init[551]: Cloud-init v. 19.4-33-gbb4131a2-0ubuntu1~18.04.1 running 'init-local' at Fri, 03 Jul 2020 17:38:07 +0000. Up 8.28 seconds.
[[0;32m  OK  [0m] Started Initial cloud-init job (pre-networking).
[[0;32m  OK  [0m] Reached target Network (Pre).
         Starting Network Service...
[[0;32m  OK  [0m] Started Network Service.
         Starting Network Name Resolution...
         Starting Wait for Network to be Configured...
[[0;32m  OK  [0m] Started Network Name Resolution.
[[0;32m  OK  [0m] Reached target Network.
[[0;32m  OK  [0m] Reached target Host and Network Name Lookups.
[[0;32m  OK  [0m] Started Wait for Network to be Configured.
         Starting Initial cloud-init job (metadata service crawler)...
[   10.869464] cloud-init[673]: Cloud-init v. 19.4-33-gbb4131a2-0ubuntu1~18.04.1 running 'init' at Fri, 03 Jul 2020 17:38:09 +0000. Up 10.76 seconds.
[   10.870378] cloud-init[673]: ci-info: ++++++++++++++++++++++++++++++++++++++Net device info+++++++++++++++++++++++++++++++++++++++
[   10.871104] cloud-init[673]: ci-info: +--------+------+-----------------------------+---------------+--------+-------------------+
[   10.871931] cloud-init[673]: ci-info: | Device |  Up  |           Address           |      Mask     | Scope  |     Hw-Address    |
[   10.872750] cloud-init[673]: ci-info: +--------+------+-----------------------------+---------------+--------+-------------------+
[   10.873655] cloud-init[673]: ci-info: | enp0s3 | True |          10.0.2.15          | 255.255.255.0 | global | 02:85:4f:0b:ef:e7 |
[   10.875661] cloud-init[673]: ci-info: | enp0s3 | True |  fe80::85:4fff:fe0b:efe7/64 |       .       |  link  | 02:85:4f:0b:ef:e7 |
[   10.876583] cloud-init[673]: ci-info: | enp0s8 | True |        192.168.33.15        | 255.255.255.0 | global | 08:00:27:58:d8:e4 |
[   10.877431] cloud-init[673]: ci-info: | enp0s8 | True | fe80::a00:27ff:fe58:d8e4/64 |       .       |  link  | 08:00:27:58:d8:e4 |
[   10.878352] cloud-init[673]: ci-info: |   lo   | True |          127.0.0.1          |   255.0.0.0   |  host  |         .         |
[   10.879109] cloud-init[673]: ci-info: |   lo   | True |           ::1/128           |       .       |  host  |         .         |
[   10.879895] cloud-init[673]: ci-info: +--------+------+-----------------------------+---------------+--------+-------------------+
[   10.880690] cloud-init[673]: ci-info: +++++++++++++++++++++++++++++Route IPv4 info+++++++++++++++++++++++++++++
[   10.881358] cloud-init[673]: ci-info: +-------+--------------+----------+-----------------+-----------+-------+
[   10.882054] cloud-init[673]: ci-info: | Route | Destination  | Gateway  |     Genmask     | Interface | Flags |
[   10.882725] cloud-init[673]: ci-info: +-------+--------------+----------+-----------------+-----------+-------+
[   10.883431] cloud-init[673]: ci-info: |   0   |   0.0.0.0    | 10.0.2.2 |     0.0.0.0     |   enp0s3  |   UG  |
[   10.884151] cloud-init[673]: ci-info: |   1   |   10.0.2.0   | 0.0.0.0  |  255.255.255.0  |   enp0s3  |   U   |
[   10.884853] cloud-init[673]: ci-info: |   2   |   10.0.2.2   | 0.0.0.0  | 255.255.255.255 |   enp0s3  |   UH  |
[   10.885567] cloud-init[673]: ci-info: |   3   | 192.168.33.0 | 0.0.0.0  |  255.255.255.0  |   enp0s8  |   U   |
[   10.886209] cloud-init[673]: ci-info: +-------+--------------+----------+-----------------+-----------+-------+
[   10.886912] cloud-init[673]: ci-info: +++++++++++++++++++Route IPv6 info+++++++++++++++++++
[   10.887459] cloud-init[673]: ci-info: +-------+-------------+---------+-----------+-------+
[   10.887998] cloud-init[673]: ci-info: | Route | Destination | Gateway | Interface | Flags |
[   10.888579] cloud-init[673]: ci-info: +-------+-------------+---------+-----------+-------+
[   10.889174] cloud-init[673]: ci-info: |   1   |  fe80::/64  |    ::   |   enp0s3  |   U   |
[   10.900154] cloud-init[673]: ci-info: |   2   |  fe80::/64  |    ::   |   enp0s8  |   U   |
[   10.900741] cloud-init[673]: ci-info: |   4   |    local    |    ::   |   enp0s3  |   U   |
[   10.901326] cloud-init[673]: ci-info: |   5   |    local    |    ::   |   enp0s8  |   U   |
[   10.901935] cloud-init[673]: ci-info: |   6   |   ff00::/8  |    ::   |   enp0s3  |   U   |
[   10.902496] cloud-init[673]: ci-info: |   7   |   ff00::/8  |    ::   |   enp0s8  |   U   |
[   10.903071] cloud-init[673]: ci-info: +-------+-------------+---------+-----------+-------+
[[0;32m  OK  [0m] Started Initial cloud-init job (metadata service crawler).
[[0;32m  OK  [0m] Reached target Cloud-config availability.
[[0;32m  OK  [0m] Reached target Network is Online.
         Starting Availability of block devices...
[[0;32m  OK  [0m] Reached target Remote File Systems (Pre).
[[0;32m  OK  [0m] Reached target Remote File Systems.
[[0;32m  OK  [0m] Reached target System Initialization.
[[0;32m  OK  [0m] Started Message of the Day.
[[0;32m  OK  [0m] Listening on UUID daemon activation socket.
[[0;32m  OK  [0m] Started Daily Cleanup of Temporary Directories.
[[0;32m  OK  [0m] Started Clean PHP session files every 30 mins.
         Starting LXD - unix socket.
[[0;32m  OK  [0m] Started ACPI Events Check.
[[0;32m  OK  [0m] Started Daily apt download activities.
         Starting Socket activation for snappy daemon.
[[0;32m  OK  [0m] Listening on D-Bus System Message Bus Socket.
[[0;32m  OK  [0m] Listening on Open-iSCSI iscsid Socket.
[[0;32m  OK  [0m] Started Daily apt upgrade and clean activities.
[[0;32m  OK  [0m] Started Discard unused blocks once a week.
[[0;32m  OK  [0m] Reached target Timers.
[[0;32m  OK  [0m] Reached target Paths.
[[0;32m  OK  [0m] Listening on ACPID Listen Socket.
[[0;32m  OK  [0m] Started Availability of block devices.
[[0;32m  OK  [0m] Listening on LXD - unix socket.
[[0;32m  OK  [0m] Listening on Socket activation for snappy daemon.
[[0;32m  OK  [0m] Reached target Sockets.
[[0;32m  OK  [0m] Reached target Basic System.
         Starting Dispatcher daemon for systemd-networkd...
         Starting System Logging Service...
[[0;32m  OK  [0m] Started FUSE filesystem for LXC.
         Starting The Apache HTTP Server...
         Starting Permit User Sessions...
         Starting Snappy daemon...
[[0;32m  OK  [0m] Started Regular background program processing daemon.
         Starting Clean php session files...
         Starting Login Service...
         Starting OpenBSD Secure Shell server...
[[0;32m  OK  [0m] Started Deferred execution scheduler.
         Starting LSB: Record successful boot for GRUB...
[[0;32m  OK  [0m] Started D-Bus System Message Bus.
[[0;32m  OK  [0m] Started Login Service.
[[0;32m  OK  [0m] Started Unattended Upgrades Shutdown.
         Starting Virtualbox guest utils...
         Starting LSB: automatic crash report generation...
[[0;32m  OK  [0m] Started irqbalance daemon.
         Starting Accounts Service...
         Starting LXD - container startup/shutdown...
[[0;32m  OK  [0m] Started System Logging Service.
[[0;32m  OK  [0m] Started Dispatcher daemon for systemd-networkd.
[[0;32m  OK  [0m] Started Permit User Sessions.
         Starting Hold until boot process finishes up...
         Starting Terminate Plymouth Boot Screen...
[[0;32m  OK  [0m] Started Hold until boot process finishes up.
[[0;32m  OK  [0m] Started Serial Getty on ttyS0.
         Starting Set console scheme...
[[0;32m  OK  [0m] Started Terminate Plymouth Boot Screen.
[[0;32m  OK  [0m] Started LSB: automatic crash report generation.
[[0;32m  OK  [0m] Started OpenBSD Secure Shell server.
[[0;32m  OK  [0m] Started Set console scheme.
[[0;32m  OK  [0m] Created slice system-getty.slice.
[[0;32m  OK  [0m] Started Getty on tty1.
[[0;32m  OK  [0m] Reached target Login Prompts.
         Starting Authorization Manager...
[[0;32m  OK  [0m] Started LSB: Record successful boot for GRUB.
[[0;32m  OK  [0m] Started Authorization Manager.
[[0;32m  OK  [0m] Started Accounts Service.
[[0;32m  OK  [0m] Created slice User Slice of vagrant.
[[0;32m  OK  [0m] Started The Apache HTTP Server.
[[0;32m  OK  [0m] Started Virtualbox guest utils.
[[0;32m  OK  [0m] Started Session 1 of user vagrant.
         Starting User Manager for UID 1000...
[[0;32m  OK  [0m] Started LXD - container startup/shutdown.
[[0;32m  OK  [0m] Started Snappy daemon.
         Starting Wait until snapd is fully seeded...
[[0;32m  OK  [0m] Started User Manager for UID 1000.
[[0;32m  OK  [0m] Started Clean php session files.
[[0;32m  OK  [0m] Started Wait until snapd is fully seeded.
[[0;32m  OK  [0m] Reached target Multi-User System.
[[0;32m  OK  [0m] Reached target Graphical Interface.
         Starting Update UTMP about System Runlevel Changes...
         Starting Apply the settings specified in cloud-config...
[[0;32m  OK  [0m] Started Update UTMP about System Runlevel Changes.
[   13.161211] cloud-init[1261]: Cloud-init v. 19.4-33-gbb4131a2-0ubuntu1~18.04.1 running 'modules:config' at Fri, 03 Jul 2020 17:38:11 +0000. Up 13.00 seconds.
[[0;32m  OK  [0m] Started Apply the settings specified in cloud-config.
         Starting Execute cloud user/final scripts...
[   13.565730] cloud-init[1330]: Cloud-init v. 19.4-33-gbb4131a2-0ubuntu1~18.04.1 running 'modules:final' at Fri, 03 Jul 2020 17:38:12 +0000. Up 13.48 seconds.
[   13.567631] cloud-init[1330]: Cloud-init v. 19.4-33-gbb4131a2-0ubuntu1~18.04.1 finished at Fri, 03 Jul 2020 17:38:12 +0000. Datasource DataSourceNoCloud [seed=/dev/sdb][dsmode=net].  Up 13.56 seconds
[[0;32m  OK  [0m] Started Execute cloud user/final scripts.
[[0;32m  OK  [0m] Reached target Cloud-init target.

Ubuntu 18.04.4 LTS ubuntu-bionic ttyS0

ubuntu-bionic login: 